node.exe : npm verbose cli C:\Program Files\nodejs\node.exe 
C:\Users\Alexandro\AppData\Roaming\npm\node_modules\npm\bin\npm-cli.js
At C:\Program Files\nodejs\npm.ps1:29 char:3
+   & $NODE_EXE $NPM_CLI_JS $args
+   ~~~~~~~~~~~~~~~~~~~~~~~~~~~~~
    + CategoryInfo          : NotSpecified: (npm verbose cli...\bin\npm-cli.js:String) [], RemoteExc 
   eption
    + FullyQualifiedErrorId : NativeCommandError
 
npm info using npm@11.4.1
npm info using node@v22.14.0
npm warn Unknown cli config "--watchAll". This will stop working in the next major version of npm.
npm verbose title npm test
npm verbose argv "test" "--watchAll" "false" "--loglevel" "verbose"
npm verbose logfile logs-max:10 
dir:C:\Users\Alexandro\AppData\Local\npm-cache\_logs\2026-01-26T00_05_56_636Z-
npm verbose logfile 
C:\Users\Alexandro\AppData\Local\npm-cache\_logs\2026-01-26T00_05_56_636Z-debug-0.log

> frontend@0.1.0 test
> react-scripts test

No tests found related to files changed since last commit.


npm verbose cwd C:\Users\Alexandro\Desktop\projects\FoodFlow\frontend
npm verbose os Windows_NT 10.0.26100
npm verbose node v22.14.0
npm verbose npm  v11.4.1
npm verbose exit 0
npm info ok
